0 verbose cli D:\Node\node.exe D:\Node\node_modules\npm\bin\npm-cli.js
1 info using npm@10.9.8
2 info using node@v22.23.1
3 silly config load:file:D:\Node\node_modules\npm\npmrc
4 silly config load:file:D:\w-yao\.tools\.npmrc
5 silly config load:file:C:\Users\21125\.npmrc
6 silly config load:file:C:\Users\21125\AppData\Roaming\npm\etc\npmrc
7 verbose title npm install extract-file-icon
8 verbose argv "install" "--cache" "D:\\w-yao\\.tools\\npm-cache" "extract-file-icon"
9 verbose logfile logs-max:10 dir:D:\w-yao\.tools\npm-cache\_logs\2026-08-14T14_04_20_191Z-
10 verbose logfile D:\w-yao\.tools\npm-cache\_logs\2026-08-14T14_04_20_191Z-debug-0.log
11 silly logfile done cleaning log files
12 silly packumentCache heap:4345298944 maxSize:1086324736 maxEntrySize:543162368
13 silly idealTree buildDeps
14 silly fetch manifest extract-file-icon@*
15 silly packumentCache full:https://registry.npmjs.org/extract-file-icon cache-miss
16 http fetch GET 200 https://registry.npmjs.org/extract-file-icon 1425ms (cache miss)
17 silly packumentCache full:https://registry.npmjs.org/extract-file-icon set size:undefined disposed:false
18 silly placeDep ROOT extract-file-icon@0.3.2 OK for:  want: *
19 silly fetch manifest node-addon-api@1.7.1
20 silly packumentCache full:https://registry.npmjs.org/node-addon-api cache-miss
21 http fetch GET 200 https://registry.npmjs.org/node-addon-api 805ms (cache miss)
22 silly packumentCache full:https://registry.npmjs.org/node-addon-api set size:undefined disposed:false
23 silly placeDep ROOT node-addon-api@1.7.1 OK for: extract-file-icon@0.3.2 want: 1.7.1
24 silly reify moves {}
25 silly audit bulk request {
25 silly audit   '@electron/asar': [ '4.2.1' ],
25 silly audit   'balanced-match': [ '4.0.4' ],
25 silly audit   'brace-expansion': [ '5.0.9' ],
25 silly audit   glob: [ '13.0.6' ],
25 silly audit   'lru-cache': [ '11.5.2' ],
25 silly audit   minimatch: [ '10.2.6' ],
25 silly audit   minipass: [ '7.1.3' ],
25 silly audit   'path-scurry': [ '2.0.2' ],
25 silly audit   'extract-file-icon': [ '0.3.2' ],
25 silly audit   'node-addon-api': [ '1.7.1' ]
25 silly audit }
26 http cache node-addon-api@https://registry.npmjs.org/node-addon-api/-/node-addon-api-1.7.1.tgz 0ms (cache hit)
27 http cache extract-file-icon@https://registry.npmjs.org/extract-file-icon/-/extract-file-icon-0.3.2.tgz 0ms (cache hit)
28 silly tarball no local data for node-addon-api@https://registry.npmjs.org/node-addon-api/-/node-addon-api-1.7.1.tgz. Extracting by manifest.
29 silly tarball no local data for extract-file-icon@https://registry.npmjs.org/extract-file-icon/-/extract-file-icon-0.3.2.tgz. Extracting by manifest.
30 http fetch POST 200 https://registry.npmjs.org/-/npm/v1/security/advisories/bulk 254ms
31 silly audit report {}
32 http fetch GET 200 https://registry.npmjs.org/extract-file-icon/-/extract-file-icon-0.3.2.tgz 1180ms (cache miss)
33 http fetch GET 200 https://registry.npmjs.org/node-addon-api/-/node-addon-api-1.7.1.tgz 2470ms (cache miss)
34 info run extract-file-icon@0.3.2 install node_modules/extract-file-icon npm run rebuild
35 info run extract-file-icon@0.3.2 install { code: 'EPERM', signal: undefined }
36 verbose stack Error: spawn EPERM
36 verbose stack     at ChildProcess.spawn (node:internal/child_process:420:11)
36 verbose stack     at spawn (node:child_process:787:9)
36 verbose stack     at promiseSpawn (D:\Node\node_modules\npm\node_modules\@npmcli\promise-spawn\lib\index.js:39:16)
36 verbose stack     at spawnWithShell (D:\Node\node_modules\npm\node_modules\@npmcli\promise-spawn\lib\index.js:124:10)
36 verbose stack     at promiseSpawn (D:\Node\node_modules\npm\node_modules\@npmcli\promise-spawn\lib\index.js:12:12)
36 verbose stack     at runScriptPkg (D:\Node\node_modules\npm\node_modules\@npmcli\run-script\lib\run-script-pkg.js:79:13)
36 verbose stack     at runScript (D:\Node\node_modules\npm\node_modules\@npmcli\run-script\lib\run-script.js:9:12)
36 verbose stack     at D:\Node\node_modules\npm\node_modules\@npmcli\arborist\lib\arborist\rebuild.js:330:17
36 verbose stack     at run (D:\Node\node_modules\npm\node_modules\promise-call-limit\dist\commonjs\index.js:67:22)
36 verbose stack     at D:\Node\node_modules\npm\node_modules\promise-call-limit\dist\commonjs\index.js:84:9
37 error code EPERM
38 error syscall spawn
39 error errno -4048
40 error Error: spawn EPERM
40 error     at ChildProcess.spawn (node:internal/child_process:420:11)
40 error     at spawn (node:child_process:787:9)
40 error     at promiseSpawn (D:\Node\node_modules\npm\node_modules\@npmcli\promise-spawn\lib\index.js:39:16)
40 error     at spawnWithShell (D:\Node\node_modules\npm\node_modules\@npmcli\promise-spawn\lib\index.js:124:10)
40 error     at promiseSpawn (D:\Node\node_modules\npm\node_modules\@npmcli\promise-spawn\lib\index.js:12:12)
40 error     at runScriptPkg (D:\Node\node_modules\npm\node_modules\@npmcli\run-script\lib\run-script-pkg.js:79:13)
40 error     at runScript (D:\Node\node_modules\npm\node_modules\@npmcli\run-script\lib\run-script.js:9:12)
40 error     at D:\Node\node_modules\npm\node_modules\@npmcli\arborist\lib\arborist\rebuild.js:330:17
40 error     at run (D:\Node\node_modules\npm\node_modules\promise-call-limit\dist\commonjs\index.js:67:22)
40 error     at D:\Node\node_modules\npm\node_modules\promise-call-limit\dist\commonjs\index.js:84:9 {
40 error   errno: -4048,
40 error   code: 'EPERM',
40 error   syscall: 'spawn'
40 error }
41 error
41 error The operation was rejected by your operating system.
41 error It's possible that the file was already in use (by a text editor or antivirus),
41 error or that you lack permissions to access it.
41 error
41 error If you believe this might be a permissions issue, please double-check the
41 error permissions of the file and its containing directories, or try running
41 error the command again as root/Administrator.
42 silly unfinished npm timer reify 1786716260565
43 silly unfinished npm timer reify:build 1786716265310
44 silly unfinished npm timer build 1786716265310
45 silly unfinished npm timer build:deps 1786716265310
46 silly unfinished npm timer build:run:install 1786716265310
47 silly unfinished npm timer build:run:install:node_modules/extract-file-icon 1786716265311
48 verbose cwd D:\w-yao\.tools
49 verbose os Windows_NT 10.0.26200
50 verbose node v22.23.1
51 verbose npm  v10.9.8
52 verbose exit -4048
53 verbose code -4048
54 error A complete log of this run can be found in: D:\w-yao\.tools\npm-cache\_logs\2026-08-14T14_04_20_191Z-debug-0.log
