0 verbose cli D:\Node\node.exe D:\Node\node_modules\npm\bin\npm-cli.js
1 info using npm@10.9.8
2 info using node@v22.23.1
3 silly config load:file:D:\Node\node_modules\npm\npmrc
4 silly config load:file:D:\w-yao\.tools\.npmrc
5 silly config load:file:C:\Users\21125\.npmrc
6 silly config load:file:C:\Users\21125\AppData\Roaming\npm\etc\npmrc
7 verbose title npm install rcedit
8 verbose argv "install" "--cache" "D:\\w-yao\\.tools\\npm-cache" "rcedit"
9 verbose logfile logs-max:10 dir:D:\w-yao\.tools\npm-cache\_logs\2026-08-14T14_09_37_779Z-
10 verbose logfile D:\w-yao\.tools\npm-cache\_logs\2026-08-14T14_09_37_779Z-debug-0.log
11 silly logfile done cleaning log files
12 silly packumentCache heap:4345298944 maxSize:1086324736 maxEntrySize:543162368
13 silly idealTree buildDeps
14 silly fetch manifest rcedit@*
15 silly packumentCache full:https://registry.npmjs.org/rcedit cache-miss
16 verbose shrinkwrap failed to load node_modules/.package-lock.json out of date, updated: node_modules
17 http fetch GET 200 https://registry.npmjs.org/rcedit 3382ms (cache miss)
18 silly packumentCache full:https://registry.npmjs.org/rcedit set size:undefined disposed:false
19 silly placeDep ROOT rcedit@5.0.2 OK for:  want: *
20 silly fetch manifest cross-spawn-windows-exe@^1.1.0
21 silly packumentCache full:https://registry.npmjs.org/cross-spawn-windows-exe cache-miss
22 http fetch GET 200 https://registry.npmjs.org/cross-spawn-windows-exe 242ms (cache miss)
23 silly packumentCache full:https://registry.npmjs.org/cross-spawn-windows-exe set size:undefined disposed:false
24 silly placeDep ROOT cross-spawn-windows-exe@1.2.0 OK for: rcedit@5.0.2 want: ^1.1.0
25 silly fetch manifest @malept/cross-spawn-promise@^1.1.0
26 silly packumentCache full:https://registry.npmjs.org/@malept%2fcross-spawn-promise cache-miss
27 silly fetch manifest is-wsl@^2.2.0
28 silly packumentCache full:https://registry.npmjs.org/is-wsl cache-miss
29 silly fetch manifest which@^2.0.2
30 silly packumentCache full:https://registry.npmjs.org/which cache-miss
31 http fetch GET 200 https://registry.npmjs.org/@malept%2fcross-spawn-promise 807ms (cache miss)
32 silly packumentCache full:https://registry.npmjs.org/@malept%2fcross-spawn-promise set size:undefined disposed:false
33 http fetch GET 200 https://registry.npmjs.org/which 1094ms (cache miss)
34 silly packumentCache full:https://registry.npmjs.org/which set size:undefined disposed:false
35 http fetch GET 200 https://registry.npmjs.org/is-wsl 1752ms (cache miss)
36 silly packumentCache full:https://registry.npmjs.org/is-wsl set size:undefined disposed:false
37 silly placeDep ROOT @malept/cross-spawn-promise@1.1.1 OK for: cross-spawn-windows-exe@1.2.0 want: ^1.1.0
38 silly placeDep ROOT is-wsl@2.2.0 OK for: cross-spawn-windows-exe@1.2.0 want: ^2.2.0
39 silly placeDep ROOT which@2.0.2 OK for: cross-spawn-windows-exe@1.2.0 want: ^2.0.2
40 silly fetch manifest cross-spawn@^7.0.1
41 silly packumentCache full:https://registry.npmjs.org/cross-spawn cache-miss
42 silly fetch manifest is-docker@^2.0.0
43 silly packumentCache full:https://registry.npmjs.org/is-docker cache-miss
44 silly fetch manifest isexe@^2.0.0
45 silly packumentCache full:https://registry.npmjs.org/isexe cache-miss
46 http fetch GET 200 https://registry.npmjs.org/cross-spawn 520ms (cache miss)
47 silly packumentCache full:https://registry.npmjs.org/cross-spawn set size:undefined disposed:false
48 http fetch GET 200 https://registry.npmjs.org/isexe 524ms (cache miss)
49 silly packumentCache full:https://registry.npmjs.org/isexe set size:undefined disposed:false
50 http fetch GET 200 https://registry.npmjs.org/is-docker 1200ms (cache miss)
51 silly packumentCache full:https://registry.npmjs.org/is-docker set size:undefined disposed:false
52 silly placeDep ROOT cross-spawn@7.0.6 OK for: @malept/cross-spawn-promise@1.1.1 want: ^7.0.1
53 silly fetch manifest path-key@^3.1.0
54 silly packumentCache full:https://registry.npmjs.org/path-key cache-miss
55 silly fetch manifest shebang-command@^2.0.0
56 silly packumentCache full:https://registry.npmjs.org/shebang-command cache-miss
57 http fetch GET 200 https://registry.npmjs.org/shebang-command 242ms (cache miss)
58 silly packumentCache full:https://registry.npmjs.org/shebang-command set size:undefined disposed:false
59 http fetch GET 200 https://registry.npmjs.org/path-key 798ms (cache miss)
60 silly packumentCache full:https://registry.npmjs.org/path-key set size:undefined disposed:false
61 silly placeDep ROOT path-key@3.1.1 OK for: cross-spawn@7.0.6 want: ^3.1.0
62 silly placeDep ROOT shebang-command@2.0.0 OK for: cross-spawn@7.0.6 want: ^2.0.0
63 silly fetch manifest shebang-regex@^3.0.0
64 silly packumentCache full:https://registry.npmjs.org/shebang-regex cache-miss
65 http fetch GET 200 https://registry.npmjs.org/shebang-regex 1132ms (cache miss)
66 silly packumentCache full:https://registry.npmjs.org/shebang-regex set size:undefined disposed:false
67 silly placeDep ROOT is-docker@2.2.1 OK for: is-wsl@2.2.0 want: ^2.0.0
68 silly placeDep ROOT shebang-regex@3.0.0 OK for: shebang-command@2.0.0 want: ^3.0.0
69 silly placeDep ROOT isexe@2.0.0 OK for: which@2.0.2 want: ^2.0.0
70 silly reify moves {}
71 silly audit bulk request {
71 silly audit   '@electron/asar': [ '4.2.1' ],
71 silly audit   'balanced-match': [ '4.0.4' ],
71 silly audit   'brace-expansion': [ '5.0.9' ],
71 silly audit   glob: [ '13.0.6' ],
71 silly audit   'lru-cache': [ '11.5.2' ],
71 silly audit   minimatch: [ '10.2.6' ],
71 silly audit   minipass: [ '7.1.3' ],
71 silly audit   'path-scurry': [ '2.0.2' ],
71 silly audit   rcedit: [ '5.0.2' ],
71 silly audit   'cross-spawn-windows-exe': [ '1.2.0' ],
71 silly audit   '@malept/cross-spawn-promise': [ '1.1.1' ],
71 silly audit   'is-wsl': [ '2.2.0' ],
71 silly audit   which: [ '2.0.2' ],
71 silly audit   'cross-spawn': [ '7.0.6' ],
71 silly audit   'path-key': [ '3.1.1' ],
71 silly audit   'shebang-command': [ '2.0.0' ],
71 silly audit   'is-docker': [ '2.2.1' ],
71 silly audit   'shebang-regex': [ '3.0.0' ],
71 silly audit   isexe: [ '2.0.0' ]
71 silly audit }
72 http cache isexe@https://registry.npmjs.org/isexe/-/isexe-2.0.0.tgz 0ms (cache hit)
73 http cache is-docker@https://registry.npmjs.org/is-docker/-/is-docker-2.2.1.tgz 0ms (cache hit)
74 http cache shebang-command@https://registry.npmjs.org/shebang-command/-/shebang-command-2.0.0.tgz 0ms (cache hit)
75 http cache shebang-regex@https://registry.npmjs.org/shebang-regex/-/shebang-regex-3.0.0.tgz 0ms (cache hit)
76 http cache path-key@https://registry.npmjs.org/path-key/-/path-key-3.1.1.tgz 0ms (cache hit)
77 http cache which@https://registry.npmjs.org/which/-/which-2.0.2.tgz 0ms (cache hit)
78 http cache cross-spawn@https://registry.npmjs.org/cross-spawn/-/cross-spawn-7.0.6.tgz 0ms (cache hit)
79 http cache is-wsl@https://registry.npmjs.org/is-wsl/-/is-wsl-2.2.0.tgz 0ms (cache hit)
80 http cache @malept/cross-spawn-promise@https://registry.npmjs.org/@malept/cross-spawn-promise/-/cross-spawn-promise-1.1.1.tgz 0ms (cache hit)
81 silly tarball no local data for isexe@https://registry.npmjs.org/isexe/-/isexe-2.0.0.tgz. Extracting by manifest.
82 silly tarball no local data for is-docker@https://registry.npmjs.org/is-docker/-/is-docker-2.2.1.tgz. Extracting by manifest.
83 silly tarball no local data for shebang-command@https://registry.npmjs.org/shebang-command/-/shebang-command-2.0.0.tgz. Extracting by manifest.
84 silly tarball no local data for shebang-regex@https://registry.npmjs.org/shebang-regex/-/shebang-regex-3.0.0.tgz. Extracting by manifest.
85 silly tarball no local data for path-key@https://registry.npmjs.org/path-key/-/path-key-3.1.1.tgz. Extracting by manifest.
86 silly tarball no local data for which@https://registry.npmjs.org/which/-/which-2.0.2.tgz. Extracting by manifest.
87 silly tarball no local data for cross-spawn@https://registry.npmjs.org/cross-spawn/-/cross-spawn-7.0.6.tgz. Extracting by manifest.
88 silly tarball no local data for is-wsl@https://registry.npmjs.org/is-wsl/-/is-wsl-2.2.0.tgz. Extracting by manifest.
89 http cache rcedit@https://registry.npmjs.org/rcedit/-/rcedit-5.0.2.tgz 0ms (cache hit)
90 http cache cross-spawn-windows-exe@https://registry.npmjs.org/cross-spawn-windows-exe/-/cross-spawn-windows-exe-1.2.0.tgz 0ms (cache hit)
91 silly tarball no local data for @malept/cross-spawn-promise@https://registry.npmjs.org/@malept/cross-spawn-promise/-/cross-spawn-promise-1.1.1.tgz. Extracting by manifest.
92 silly tarball no local data for rcedit@https://registry.npmjs.org/rcedit/-/rcedit-5.0.2.tgz. Extracting by manifest.
93 silly tarball no local data for cross-spawn-windows-exe@https://registry.npmjs.org/cross-spawn-windows-exe/-/cross-spawn-windows-exe-1.2.0.tgz. Extracting by manifest.
94 http fetch GET 200 https://registry.npmjs.org/is-docker/-/is-docker-2.2.1.tgz 241ms (cache miss)
95 http fetch POST 200 https://registry.npmjs.org/-/npm/v1/security/advisories/bulk 263ms
96 silly audit report {}
97 http fetch GET 200 https://registry.npmjs.org/isexe/-/isexe-2.0.0.tgz 531ms (cache miss)
98 http fetch GET 200 https://registry.npmjs.org/which/-/which-2.0.2.tgz 870ms (cache miss)
99 http fetch GET 200 https://registry.npmjs.org/shebang-regex/-/shebang-regex-3.0.0.tgz 1160ms (cache miss)
100 http fetch GET 200 https://registry.npmjs.org/@malept/cross-spawn-promise/-/cross-spawn-promise-1.1.1.tgz 1403ms (cache miss)
101 http fetch GET 200 https://registry.npmjs.org/path-key/-/path-key-3.1.1.tgz 1813ms (cache miss)
102 http fetch GET 200 https://registry.npmjs.org/cross-spawn/-/cross-spawn-7.0.6.tgz 1829ms (cache miss)
103 http fetch GET 200 https://registry.npmjs.org/shebang-command/-/shebang-command-2.0.0.tgz 3137ms (cache miss)
104 http fetch GET 200 https://registry.npmjs.org/is-wsl/-/is-wsl-2.2.0.tgz 3160ms (cache miss)
105 http fetch GET 200 https://registry.npmjs.org/cross-spawn-windows-exe/-/cross-spawn-windows-exe-1.2.0.tgz 3974ms (cache miss)
106 http fetch GET 200 https://registry.npmjs.org/rcedit/-/rcedit-5.0.2.tgz 12239ms (cache miss)
107 warn deprecated rcedit@5.0.2: Package no longer supported. Contact Support at https://www.npmjs.com/support for more info.
108 silly ADD node_modules/isexe
109 silly ADD node_modules/shebang-regex
110 silly ADD node_modules/is-docker
111 silly ADD node_modules/shebang-command
112 silly ADD node_modules/path-key
113 silly ADD node_modules/cross-spawn
114 silly ADD node_modules/which
115 silly ADD node_modules/is-wsl
116 silly ADD node_modules/@malept/cross-spawn-promise
117 silly ADD node_modules/cross-spawn-windows-exe
118 silly ADD node_modules/rcedit
119 verbose cwd D:\w-yao\.tools
120 verbose os Windows_NT 10.0.26200
121 verbose node v22.23.1
122 verbose npm  v10.9.8
123 verbose exit 0
124 info ok
