0 verbose cli D:\Node\node.exe D:\Node\node_modules\npm\bin\npm-cli.js
1 info using npm@10.9.8
2 info using node@v22.23.1
3 silly config load:file:D:\Node\node_modules\npm\npmrc
4 silly config load:file:D:\w-yao\.tools\.npmrc
5 silly config load:file:C:\Users\21125\.npmrc
6 silly config load:file:C:\Users\21125\AppData\Roaming\npm\etc\npmrc
7 verbose title npm install @electron/asar
8 verbose argv "install" "--cache" "D:\\w-yao\\.tools\\npm-cache" "@electron/asar"
9 verbose logfile logs-max:10 dir:D:\w-yao\.tools\npm-cache\_logs\2026-08-14T13_57_32_918Z-
10 verbose logfile D:\w-yao\.tools\npm-cache\_logs\2026-08-14T13_57_32_918Z-debug-0.log
11 silly logfile done cleaning log files
12 silly packumentCache heap:4345298944 maxSize:1086324736 maxEntrySize:543162368
13 silly idealTree buildDeps
14 silly fetch manifest @electron/asar@*
15 silly packumentCache full:https://registry.npmjs.org/@electron%2fasar cache-miss
16 http fetch GET 200 https://registry.npmjs.org/@electron%2fasar 1110ms (cache miss)
17 silly packumentCache full:https://registry.npmjs.org/@electron%2fasar set size:undefined disposed:false
18 silly placeDep ROOT @electron/asar@4.2.1 OK for:  want: *
19 silly fetch manifest glob@^13.0.2
20 silly packumentCache full:https://registry.npmjs.org/glob cache-miss
21 silly fetch manifest minimatch@^10.0.1
22 silly packumentCache full:https://registry.npmjs.org/minimatch cache-miss
23 http fetch GET 200 https://registry.npmjs.org/npm 2295ms
24 http fetch GET 200 https://registry.npmjs.org/minimatch 1814ms (cache miss)
25 silly packumentCache full:https://registry.npmjs.org/minimatch set size:undefined disposed:false
26 http fetch GET 200 https://registry.npmjs.org/glob 9195ms (cache miss)
27 silly packumentCache full:https://registry.npmjs.org/glob set size:undefined disposed:false
28 silly placeDep ROOT glob@13.0.6 OK for: @electron/asar@4.2.1 want: ^13.0.2
29 silly placeDep ROOT minimatch@10.2.6 OK for: @electron/asar@4.2.1 want: ^10.0.1
30 silly fetch manifest minimatch@^10.2.2
31 silly packumentCache full:https://registry.npmjs.org/minimatch cache-miss
32 silly fetch manifest minipass@^7.1.3
33 silly packumentCache full:https://registry.npmjs.org/minipass cache-miss
34 silly fetch manifest path-scurry@^2.0.2
35 silly packumentCache full:https://registry.npmjs.org/path-scurry cache-miss
36 silly fetch manifest brace-expansion@^5.0.8
37 silly packumentCache full:https://registry.npmjs.org/brace-expansion cache-miss
38 http cache https://registry.npmjs.org/minimatch 14ms (cache hit)
39 silly packumentCache full:https://registry.npmjs.org/minimatch set size:377924 disposed:false
40 http fetch GET 200 https://registry.npmjs.org/path-scurry 526ms (cache miss)
41 silly packumentCache full:https://registry.npmjs.org/path-scurry set size:undefined disposed:false
42 http fetch GET 200 https://registry.npmjs.org/minipass 846ms (cache miss)
43 silly packumentCache full:https://registry.npmjs.org/minipass set size:undefined disposed:false
44 http fetch GET 200 https://registry.npmjs.org/brace-expansion 963ms (cache miss)
45 silly packumentCache full:https://registry.npmjs.org/brace-expansion set size:undefined disposed:false
46 silly placeDep ROOT minipass@7.1.3 OK for: glob@13.0.6 want: ^7.1.3
47 silly placeDep ROOT path-scurry@2.0.2 OK for: glob@13.0.6 want: ^2.0.2
48 silly fetch manifest lru-cache@^11.0.0
49 silly packumentCache full:https://registry.npmjs.org/lru-cache cache-miss
50 http fetch GET 200 https://registry.npmjs.org/lru-cache 782ms (cache miss)
51 silly packumentCache full:https://registry.npmjs.org/lru-cache set size:undefined disposed:false
52 silly placeDep ROOT brace-expansion@5.0.9 OK for: minimatch@10.2.6 want: ^5.0.8
53 silly fetch manifest balanced-match@^4.0.2
54 silly packumentCache full:https://registry.npmjs.org/balanced-match cache-miss
55 http fetch GET 200 https://registry.npmjs.org/balanced-match 493ms (cache miss)
56 silly packumentCache full:https://registry.npmjs.org/balanced-match set size:undefined disposed:false
57 silly placeDep ROOT balanced-match@4.0.4 OK for: brace-expansion@5.0.9 want: ^4.0.2
58 silly placeDep ROOT lru-cache@11.5.2 OK for: path-scurry@2.0.2 want: ^11.0.0
59 silly reify moves {}
60 http cache lru-cache@https://registry.npmjs.org/lru-cache/-/lru-cache-11.5.2.tgz 0ms (cache hit)
61 http cache balanced-match@https://registry.npmjs.org/balanced-match/-/balanced-match-4.0.4.tgz 1ms (cache hit)
62 http cache path-scurry@https://registry.npmjs.org/path-scurry/-/path-scurry-2.0.2.tgz 0ms (cache hit)
63 http cache minimatch@https://registry.npmjs.org/minimatch/-/minimatch-10.2.6.tgz 0ms (cache hit)
64 http cache brace-expansion@https://registry.npmjs.org/brace-expansion/-/brace-expansion-5.0.9.tgz 0ms (cache hit)
65 http cache minipass@https://registry.npmjs.org/minipass/-/minipass-7.1.3.tgz 0ms (cache hit)
66 http cache glob@https://registry.npmjs.org/glob/-/glob-13.0.6.tgz 0ms (cache hit)
67 silly tarball no local data for lru-cache@https://registry.npmjs.org/lru-cache/-/lru-cache-11.5.2.tgz. Extracting by manifest.
68 silly tarball no local data for balanced-match@https://registry.npmjs.org/balanced-match/-/balanced-match-4.0.4.tgz. Extracting by manifest.
69 silly tarball no local data for path-scurry@https://registry.npmjs.org/path-scurry/-/path-scurry-2.0.2.tgz. Extracting by manifest.
70 silly tarball no local data for minimatch@https://registry.npmjs.org/minimatch/-/minimatch-10.2.6.tgz. Extracting by manifest.
71 silly tarball no local data for brace-expansion@https://registry.npmjs.org/brace-expansion/-/brace-expansion-5.0.9.tgz. Extracting by manifest.
72 silly tarball no local data for minipass@https://registry.npmjs.org/minipass/-/minipass-7.1.3.tgz. Extracting by manifest.
73 silly tarball no local data for glob@https://registry.npmjs.org/glob/-/glob-13.0.6.tgz. Extracting by manifest.
74 http cache @electron/asar@https://registry.npmjs.org/@electron/asar/-/asar-4.2.1.tgz 0ms (cache hit)
75 silly tarball no local data for @electron/asar@https://registry.npmjs.org/@electron/asar/-/asar-4.2.1.tgz. Extracting by manifest.
76 http fetch GET 200 https://registry.npmjs.org/balanced-match/-/balanced-match-4.0.4.tgz 238ms (cache miss)
77 http fetch GET 200 https://registry.npmjs.org/path-scurry/-/path-scurry-2.0.2.tgz 839ms (cache miss)
78 http fetch GET 200 https://registry.npmjs.org/@electron/asar/-/asar-4.2.1.tgz 1198ms (cache miss)
79 http fetch GET 200 https://registry.npmjs.org/brace-expansion/-/brace-expansion-5.0.9.tgz 1842ms (cache miss)
80 http fetch GET 200 https://registry.npmjs.org/minipass/-/minipass-7.1.3.tgz 2319ms (cache miss)
81 http fetch GET 200 https://registry.npmjs.org/minimatch/-/minimatch-10.2.6.tgz 2386ms (cache miss)
82 http fetch GET 200 https://registry.npmjs.org/glob/-/glob-13.0.6.tgz 3899ms (cache miss)
83 http fetch GET 200 https://registry.npmjs.org/lru-cache/-/lru-cache-11.5.2.tgz 8466ms (cache miss)
84 silly ADD node_modules/lru-cache
85 silly ADD node_modules/balanced-match
86 silly ADD node_modules/brace-expansion
87 silly ADD node_modules/path-scurry
88 silly ADD node_modules/minipass
89 silly ADD node_modules/minimatch
90 silly ADD node_modules/glob
91 silly ADD node_modules/@electron/asar
92 verbose cwd D:\w-yao\.tools
93 verbose os Windows_NT 10.0.26200
94 verbose node v22.23.1
95 verbose npm  v10.9.8
96 notice
96 notice New major version of npm available! 10.9.8 -> 12.0.2
96 notice Changelog: https://github.com/npm/cli/releases/tag/v12.0.2
96 notice To update run: npm install -g npm@12.0.2
96 notice  { force: true, [Symbol(proc-log.meta)]: true }
97 verbose exit 0
98 info ok
